A51 MACRO ASSEMBLER  GSM                                                                  08/06/2017 13:05:40 PAGE     1


MACRO ASSEMBLER A51 V8.02c
OBJECT MODULE PLACED IN C:\Users\SRK\Desktop\HEX\gsm.obj
ASSEMBLER INVOKED BY: C:\Keil_v5\C51\BIN\A51.EXE gsm.asm SET(SMALL) DEBUG PRINT(.\Listings\gsm.lst) OBJECT(C:\Users\SRK\
                      Desktop\HEX\gsm.obj) EP

LOC  OBJ            LINE     SOURCE

0000                   1                             ORG     00H
0000 8000              2                             SJMP    X5
                       3     ;                       ORG             000BH
                       4     ;                       CLR             TR0
                       5     ;                       MOV             IE,#00H
                       6     ;                       MOV             R1,#30H
                       7     ;X7:                    MOV             A,@R1
                       8     ;                       CJNE    A,#00H,X6
                       9     ;                       MOV             R3,#20H
                      10     ;                       RETI
                      11     ;X6:                    ACALL   DAT
                      12     ;                       CLR             A
                      13     ;                       INC             R1
                      14     ;                       SJMP    X7
0002 7930             15     X5:                     MOV             R1,#30H
0004 7B00             16                             MOV             R3,#00H
0006 900250           17                             MOV             DPTR,#COMMAND
0009 E4               18                             CLR     A
000A 93               19     Q1:                     MOVC    A,@A+DPTR
000B 6006             20                             JZ              X1
000D 113D             21                             ACALL   CMD
000F A3               22                             INC             DPTR
0010 E4               23                             CLR             A
0011 80F7             24                             SJMP    Q1
0013 758920           25     X1:                     MOV     TMOD,#20H
0016 758DFD           26                             MOV     TH1,#-3
0019 D28E             27                             SETB    TR1
001B 759850           28                             MOV     SCON,#50H
001E 900256           29                             MOV             DPTR,#GSM_CMD
0021 E4               30                             CLR             A
0022 93               31     Q2:                     MOVC    A,@A+DPTR
0023 6008             32                             JZ              X4
0025 F599             33                             MOV             SBUF,A
0027 1160             34                             ACALL   X2
0029 A3               35                             INC             DPTR
002A E4               36                             CLR             A
002B 80F5             37                             SJMP    Q2
                      38     ;X3:                    MOV             IE,#10000010B
                      39     ;                       MOV             TMOD,#00000001B
                      40     ;                       MOV             TH0,#00H
                      41     ;                       MOV             TL0,#00H
                      42     ;                       SETB    TR0
                      43     ;X4:                    CJNE    R3,#00H,X8
002D 3098FD           44     X4:                     JNB             RI,X4
0030 C28C             45                             CLR             TR0
0032 E599             46                             MOV             A,SBUF
0034 F7               47                             MOV             @R1,A
0035 09               48                             INC             R1
0036 E4               49                             CLR             A
0037 C298             50                             CLR             RI
0039 80F2             51                             SJMP    X4
003B 80FE             52     X8:                     SJMP    $
                      53                             
003D F5A0             54     CMD:            MOV     P2,A
003F C280             55                             CLR     P0.0
0041 C281             56                             CLR     P0.1
0043 D282             57                             SETB    P0.2
A51 MACRO ASSEMBLER  GSM                                                                  08/06/2017 13:05:40 PAGE     2

0045 1157             58                             ACALL   DELAY
0047 C282             59                             CLR             P0.2
0049 22               60                             RET
004A F5A0             61     DAT:            MOV     P2,A
004C D280             62                             SETB    P0.0
004E C281             63                             CLR     P0.1
0050 D282             64                             SETB    P0.2
0052 1157             65                             ACALL   DELAY
0054 C282             66                             CLR     P0.2
0056 22               67                             RET
                      68                             
0057 7814             69     DELAY:          MOV     R0,#20
0059 7AC8             70     Z1:                     MOV     R2,#200
005B DAFE             71     Z2:                     DJNZ    R2,Z2
005D D8FA             72                             DJNZ    R0,Z1
005F 22               73                             RET
                      74                             
0060 3099FD           75     X2:                     JNB             TI,X2
0063 C299             76                             CLR             TI
0065 22               77                             RET
                      78                             
0250                  79                             ORG             250H
0250 8001380E         80     COMMAND:        DB      80H,01H,38H,0EH,06H,0
0254 0600                    
0256 41540D00         81     GSM_CMD:        DB              "AT",0DH,0
                      82                             END
A51 MACRO ASSEMBLER  GSM                                                                  08/06/2017 13:05:40 PAGE     3

SYMBOL TABLE LISTING
------ ----- -------


N A M E             T Y P E  V A L U E   ATTRIBUTES

CMD. . . . . . . .  C ADDR   003DH   A   
COMMAND. . . . . .  C ADDR   0250H   A   
DAT. . . . . . . .  C ADDR   004AH   A   
DELAY. . . . . . .  C ADDR   0057H   A   
GSM_CMD. . . . . .  C ADDR   0256H   A   
P0 . . . . . . . .  D ADDR   0080H   A   
P2 . . . . . . . .  D ADDR   00A0H   A   
Q1 . . . . . . . .  C ADDR   000AH   A   
Q2 . . . . . . . .  C ADDR   0022H   A   
RI . . . . . . . .  B ADDR   0098H.0 A   
SBUF . . . . . . .  D ADDR   0099H   A   
SCON . . . . . . .  D ADDR   0098H   A   
TH1. . . . . . . .  D ADDR   008DH   A   
TI . . . . . . . .  B ADDR   0098H.1 A   
TMOD . . . . . . .  D ADDR   0089H   A   
TR0. . . . . . . .  B ADDR   0088H.4 A   
TR1. . . . . . . .  B ADDR   0088H.6 A   
X1 . . . . . . . .  C ADDR   0013H   A   
X2 . . . . . . . .  C ADDR   0060H   A   
X4 . . . . . . . .  C ADDR   002DH   A   
X5 . . . . . . . .  C ADDR   0002H   A   
X8 . . . . . . . .  C ADDR   003BH   A   
Z1 . . . . . . . .  C ADDR   0059H   A   
Z2 . . . . . . . .  C ADDR   005BH   A   


REGISTER BANK(S) USED: 0 


ASSEMBLY COMPLETE.  0 WARNING(S), 0 ERROR(S)
