A51 MACRO ASSEMBLER  GSM1                                                                 08/06/2017 16:34:15 PAGE     1


MACRO ASSEMBLER A51 V8.02c
OBJECT MODULE PLACED IN C:\Users\SRK\Desktop\HEX\gsm1.obj
ASSEMBLER INVOKED BY: C:\Keil_v5\C51\BIN\A51.EXE gsm1.asm SET(SMALL) DEBUG PRINT(.\Listings\gsm1.lst) OBJECT(C:\Users\SR
                      K\Desktop\HEX\gsm1.obj) EP

LOC  OBJ            LINE     SOURCE

0000                   1                             ORG             00H
0000 8029              2                             SJMP    X5
0023                   3                             ORG             0023H
0023 E599              4                             MOV             A,SBUF
0025 F7                5                             MOV             @R1,A
0026 09                6                             INC             R1
0027 C298              7                             CLR             RI
0029 0B                8                             INC             R3
002A 32                9                             RETI
                      10                             
002B 7930             11     X5:                     MOV             R1,#30H
002D 7B00             12                             MOV             R3,#00H
002F 900250           13                             MOV             DPTR,#COMMAND
0032 E4               14                             CLR     A
0033 93               15     Q1:                     MOVC    A,@A+DPTR
0034 6006             16                             JZ              X1
0036 1170             17                             ACALL   CMD
0038 A3               18                             INC             DPTR
0039 E4               19                             CLR             A
003A 80F7             20                             SJMP    Q1
003C 758920           21     X1:                     MOV     TMOD,#20H
003F 758DFD           22                             MOV     TH1,#-3
0042 D28E             23                             SETB    TR1
0044 759850           24                             MOV     SCON,#50H
0047 900256           25                             MOV             DPTR,#GSM_CMD
004A E4               26                             CLR             A
004B 93               27     Q2:                     MOVC    A,@A+DPTR
004C 6008             28                             JZ              X4
004E F599             29                             MOV             SBUF,A
0050 1193             30                             ACALL   X2
0052 A3               31                             INC             DPTR
0053 E4               32                             CLR             A
0054 80F5             33                             SJMP    Q2
                      34                             
0056 75A890           35     X4:                     MOV             IE,#10010000B
0059 BB090F           36     X7:                     CJNE    R3,#09H,X6
005C 75A800           37                             MOV             IE,#00H
005F 7930             38                             MOV             R1,#30H
0061 E7               39     X8:                     MOV             A,@R1
0062 600A             40                             JZ              X9
0064 117D             41                             ACALL   DAT
0066 09               42                             INC             R1
0067 DBF8             43                             DJNZ    R3,X8
0069 80FE             44                             SJMP    $
006B E4               45     X6:                     CLR             A
006C 80EB             46                             SJMP    X7
006E 80FE             47     X9:                     SJMP    $
                      48             
                      49             
0070 F5A0             50     CMD:            MOV     P2,A
0072 C280             51                             CLR     P0.0
0074 C281             52                             CLR     P0.1
0076 D282             53                             SETB    P0.2
0078 118A             54                             ACALL   DELAY
007A C282             55                             CLR             P0.2
007C 22               56                             RET
007D F5A0             57     DAT:            MOV     P2,A
A51 MACRO ASSEMBLER  GSM1                                                                 08/06/2017 16:34:15 PAGE     2

007F D280             58                             SETB    P0.0
0081 C281             59                             CLR     P0.1
0083 D282             60                             SETB    P0.2
0085 118A             61                             ACALL   DELAY
0087 C282             62                             CLR     P0.2
0089 22               63                             RET
                      64                             
008A 7814             65     DELAY:          MOV     R0,#20
008C 7AC8             66     Z1:                     MOV     R2,#200
008E DAFE             67     Z2:                     DJNZ    R2,Z2
0090 D8FA             68                             DJNZ    R0,Z1
0092 22               69                             RET
                      70                             
0093 3099FD           71     X2:                     JNB             TI,X2
0096 C299             72                             CLR             TI
0098 22               73                             RET
                      74                             
0250                  75                             ORG             250H
0250 380E8001         76     COMMAND:        DB      38H,0EH,80H,01H,06H,0
0254 0600                    
0256 41540D00         77     GSM_CMD:        DB              "AT",0DH,0
                      78                             END
A51 MACRO ASSEMBLER  GSM1                                                                 08/06/2017 16:34:15 PAGE     3

SYMBOL TABLE LISTING
------ ----- -------


N A M E             T Y P E  V A L U E   ATTRIBUTES

CMD. . . . . . . .  C ADDR   0070H   A   
COMMAND. . . . . .  C ADDR   0250H   A   
DAT. . . . . . . .  C ADDR   007DH   A   
DELAY. . . . . . .  C ADDR   008AH   A   
GSM_CMD. . . . . .  C ADDR   0256H   A   
IE . . . . . . . .  D ADDR   00A8H   A   
P0 . . . . . . . .  D ADDR   0080H   A   
P2 . . . . . . . .  D ADDR   00A0H   A   
Q1 . . . . . . . .  C ADDR   0033H   A   
Q2 . . . . . . . .  C ADDR   004BH   A   
RI . . . . . . . .  B ADDR   0098H.0 A   
SBUF . . . . . . .  D ADDR   0099H   A   
SCON . . . . . . .  D ADDR   0098H   A   
TH1. . . . . . . .  D ADDR   008DH   A   
TI . . . . . . . .  B ADDR   0098H.1 A   
TMOD . . . . . . .  D ADDR   0089H   A   
TR1. . . . . . . .  B ADDR   0088H.6 A   
X1 . . . . . . . .  C ADDR   003CH   A   
X2 . . . . . . . .  C ADDR   0093H   A   
X4 . . . . . . . .  C ADDR   0056H   A   
X5 . . . . . . . .  C ADDR   002BH   A   
X6 . . . . . . . .  C ADDR   006BH   A   
X7 . . . . . . . .  C ADDR   0059H   A   
X8 . . . . . . . .  C ADDR   0061H   A   
X9 . . . . . . . .  C ADDR   006EH   A   
Z1 . . . . . . . .  C ADDR   008CH   A   
Z2 . . . . . . . .  C ADDR   008EH   A   


REGISTER BANK(S) USED: 0 


ASSEMBLY COMPLETE.  0 WARNING(S), 0 ERROR(S)
