A51 MACRO ASSEMBLER  GSM_MSG                                                              08/12/2017 18:37:43 PAGE     1


MACRO ASSEMBLER A51 V8.02c
OBJECT MODULE PLACED IN C:\Users\SRK\Desktop\HEX\GSM_MSG.obj
ASSEMBLER INVOKED BY: C:\Keil_v5\C51\BIN\A51.EXE GSM_MSG.ASM SET(SMALL) DEBUG PRINT(.\Listings\GSM_MSG.lst) OBJECT(C:\Us
                      ers\SRK\Desktop\HEX\GSM_MSG.obj) EP

LOC  OBJ            LINE     SOURCE

0000                   1                     ORG     00H
0000 8029              2                     SJMP    Q1
0023                   3                     ORG             0023H
0023 E599              4                     MOV             A,SBUF
0025 F7                5                     MOV             @R1,A
0026 09                6                     INC             R1
0027 C298              7                     CLR             RI
0029 0B                8                     INC             R3
002A 32                9                     RETI    
                      10     
002B 900250           11     Q1:             MOV             DPTR,#COMMAND
002E E4               12                     CLR     A
002F 93               13     Q12:    MOVC    A,@A+DPTR
0030 6006             14                     JZ              Q13
0032 117A             15                     ACALL   CMD
0034 A3               16                     INC             DPTR
0035 E4               17                     CLR             A
0036 80F7             18                     SJMP    Q12
0038 7930             19     Q13:    MOV             R1,#30H
003A 900256           20                     MOV             DPTR,#GSM1
003D 93               21     Q11:    MOVC    A,@A+DPTR
003E 6008             22                     JZ              Q2
0040 F599             23                     MOV             SBUF,A
0042 119D             24                     ACALL   X2
0044 A3               25                     INC             DPTR
0045 E4               26                     CLR             A
0046 80F5             27                     SJMP    Q11
0048 75A890           28     Q2:             MOV             IE,#10010000B
004B BB0F0C           29                     CJNE    R3,#0FH,Q3
004E 75A800           30                     MOV             IE,#00H
0051 7930             31                     MOV             R1,#30H
0053 E7               32     Q22:    MOV             A,@R1
0054 09               33                     INC             R1
0055 1187             34                     ACALL   DAT
0057 E4               35                     CLR             A
0058 DBF9             36                     DJNZ    R3,Q22
                      37     
005A 7950             38     Q3:             MOV             R1,#50H
005C 900261           39                     MOV             DPTR,#GSM2
005F 93               40     Q33:    MOVC    A,@A+DPTR
0060 6008             41                     JZ              Q4
0062 F599             42                     MOV             SBUF,A
0064 119D             43                     ACALL   X2
0066 A3               44                     INC             DPTR
0067 E4               45                     CLR             A
0068 80F5             46                     SJMP    Q33
                      47     
006A 900276           48     Q4:             MOV             DPTR,#GSM3
006D 93               49     Q44:    MOVC    A,@A+DPTR
006E 6008             50                     JZ              Q5
0070 F599             51                     MOV             SBUF,A
0072 119D             52                     ACALL   X2
0074 A3               53                     INC             DPTR
0075 E4               54                     CLR             A
0076 80F5             55                     SJMP    Q44
0078 80FE             56     Q5:             SJMP    $
                      57     
A51 MACRO ASSEMBLER  GSM_MSG                                                              08/12/2017 18:37:43 PAGE     2

007A F5A0             58     CMD:    MOV     P2,A
007C C280             59                     CLR     P0.0
007E C281             60                     CLR     P0.1
0080 D282             61                     SETB    P0.2
0082 1194             62                     ACALL   DELAY
0084 C282             63                     CLR             P0.2
0086 22               64                     RET             
                      65             
0087 F5A0             66     DAT:    MOV     P2,A
0089 D280             67                     SETB    P0.0
008B C281             68                     CLR     P0.1
008D D282             69                     SETB    P0.2
008F 1194             70                     ACALL   DELAY
0091 C282             71                     CLR     P0.2
0093 22               72                     RET
                      73                                     
                      74                     
0094 7814             75     DELAY:  MOV     R0,#20
0096 7AC8             76     Z1:             MOV     R2,#200
0098 DAFE             77     Z2:             DJNZ    R2,Z2
009A D8FA             78                     DJNZ    R0,Z1
009C 22               79                     RET
                      80                             
                      81                     
009D 3099FD           82     X2:             JNB             TI,X2
00A0 C299             83                     CLR             TI
00A2 22               84                     RET
                      85                     
0250                  86                      ORG            250H
0250 380E8001         87     COMMAND: DB     38H,0EH,80H,01H,06H,0
0254 0600                    
0256 41542B43         88     GSM1:    DB     "AT+CMGF=1",0DH,0
025A 4D47463D                
025E 310D00                  
0261 41542B43         89     GSM2:    DB             "AT+CMGS=",22H,"8908849462",22H,0
0265 4D47533D                
0269 22383930                
026D 38383439                
0271 34363222                
0275 00                      
0276 454D4245         90     GSM3:    DB             "EMBEDDED SYSTEMS",1AH,0
027A 44444544                
027E 20535953                
0282 54454D53                
0286 1A00                    
                      91                     end
A51 MACRO ASSEMBLER  GSM_MSG                                                              08/12/2017 18:37:43 PAGE     3

SYMBOL TABLE LISTING
------ ----- -------


N A M E             T Y P E  V A L U E   ATTRIBUTES

CMD. . . . . . . .  C ADDR   007AH   A   
COMMAND. . . . . .  C ADDR   0250H   A   
DAT. . . . . . . .  C ADDR   0087H   A   
DELAY. . . . . . .  C ADDR   0094H   A   
GSM1 . . . . . . .  C ADDR   0256H   A   
GSM2 . . . . . . .  C ADDR   0261H   A   
GSM3 . . . . . . .  C ADDR   0276H   A   
IE . . . . . . . .  D ADDR   00A8H   A   
P0 . . . . . . . .  D ADDR   0080H   A   
P2 . . . . . . . .  D ADDR   00A0H   A   
Q1 . . . . . . . .  C ADDR   002BH   A   
Q11. . . . . . . .  C ADDR   003DH   A   
Q12. . . . . . . .  C ADDR   002FH   A   
Q13. . . . . . . .  C ADDR   0038H   A   
Q2 . . . . . . . .  C ADDR   0048H   A   
Q22. . . . . . . .  C ADDR   0053H   A   
Q3 . . . . . . . .  C ADDR   005AH   A   
Q33. . . . . . . .  C ADDR   005FH   A   
Q4 . . . . . . . .  C ADDR   006AH   A   
Q44. . . . . . . .  C ADDR   006DH   A   
Q5 . . . . . . . .  C ADDR   0078H   A   
RI . . . . . . . .  B ADDR   0098H.0 A   
SBUF . . . . . . .  D ADDR   0099H   A   
TI . . . . . . . .  B ADDR   0098H.1 A   
X2 . . . . . . . .  C ADDR   009DH   A   
Z1 . . . . . . . .  C ADDR   0096H   A   
Z2 . . . . . . . .  C ADDR   0098H   A   


REGISTER BANK(S) USED: 0 


ASSEMBLY COMPLETE.  0 WARNING(S), 0 ERROR(S)
