A51 MACRO ASSEMBLER  INT                                                                  06/21/2017 18:05:53 PAGE     1


MACRO ASSEMBLER A51 V8.02c
OBJECT MODULE PLACED IN C:\Users\SRK\Desktop\HEX\INT.obj
ASSEMBLER INVOKED BY: C:\Keil_v5\C51\BIN\A51.EXE INT.ASM SET(SMALL) DEBUG PRINT(.\Listings\INT.lst) OBJECT(C:\Users\SRK\
                      Desktop\HEX\INT.obj) EP

LOC  OBJ            LINE     SOURCE

                       1     
0000                   2                             ORG             00H
0000 802E              3                             SJMP    MAIN
0003                   4                             ORG             03H
0003 B2A1              5                             CPL             P2.1
0005 00                6                             NOP
0006 00                7                             NOP
0007 00                8                             NOP
0008 00                9                             NOP
0009 32               10                             RETI
0023                  11                             ORG             23H
0023 8026             12                             sjmp    nkp
0030                  13                             ORG                     30H
0030 75A891           14     MAIN:           MOV                     IE,#10010001B                   ; HW0, ES ENABLE
0033 758920           15                             MOV                     TMOD,#20H
0036 758DFD           16                             MOV                     TH1,#0FDH
0039 D28E             17                             SETB            TR1
003B 759850           18                             MOV                     SCON,#50H
                      19                             
003E E590             20     MAIN1:          MOV                     A,P1
0040 80FE             21                             SJMP        $
0042 B4FF02           22                             CJNE            A,#0FFH,K1
0045 80F7             23                             SJMP            MAIN1
0047 B2A0             24     K1:                     CPL                     P2.0
0049 80E5             25                             SJMP            MAIN
                      26     
                      27     
                      28     
004B C298             29     nkp:                    CLR             RI
004D E599             30                             MOV             A,SBUF
004F F580             31                             MOV             P0,A
0051 7438             32                             MOV A,#38H
0053 117D             33                     ACALL CMD
0055 1197             34                     ACALL DELAY
0057 740E             35                     MOV A,#0EH
0059 117D             36                     ACALL CMD
005B 1197             37                     ACALL DELAY
005D 7401             38                     MOV A,#01H
005F 117D             39                     ACALL CMD
0061 1197             40                     ACALL DELAY
0063 7406             41                     MOV A,#06H
0065 117D             42                     ACALL CMD
0067 1197             43                     ACALL DELAY
0069 7487             44                     MOV A,#87H
006B 117D             45                     ACALL CMD
006D 1197             46                     ACALL DELAY
006F 744E             47                     MOV A,#"N"
0071 118A             48                     ACALL DAT
0073 1197             49                     ACALL DELAY
0075 7449             50                     MOV A,#"I"
0077 118A             51                     ACALL DAT
0079 1197             52                     ACALL DELAY
007B 8023             53                     SJMP X3
007D F5A0             54     CMD:    MOV P2,A
007F C280             55                     CLR P0.0
0081 C281             56                     CLR P0.1
0083 D282             57                     SETB P0.2
A51 MACRO ASSEMBLER  INT                                                                  06/21/2017 18:05:53 PAGE     2

0085 1197             58                     ACALL DELAY
0087 C282             59                     CLR P0.2
0089 22               60                     RET
008A F5A0             61     DAT:    MOV P2,A
008C D280             62                     SETB P0.0
008E C281             63                     CLR P0.1
0090 D282             64                     SETB P0.2
0092 1197             65                     ACALL DELAY
0094 C282             66                     CLR P0.2
0096 22               67                     RET
0097 78C8             68     DELAY:  MOV R0,#200
0099 79C8             69             X1:     MOV R1,#200
009B D9FE             70             X2:     DJNZ R1,X2
009D D8FA             71                     DJNZ R0,X1
009F 22               72                     RET
00A0 32               73     X3:                     RETI
                      74                             
                      75     
                      76     
                      77     END
A51 MACRO ASSEMBLER  INT                                                                  06/21/2017 18:05:53 PAGE     3

SYMBOL TABLE LISTING
------ ----- -------


N A M E             T Y P E  V A L U E   ATTRIBUTES

CMD. . . . . . . .  C ADDR   007DH   A   
DAT. . . . . . . .  C ADDR   008AH   A   
DELAY. . . . . . .  C ADDR   0097H   A   
IE . . . . . . . .  D ADDR   00A8H   A   
K1 . . . . . . . .  C ADDR   0047H   A   
MAIN . . . . . . .  C ADDR   0030H   A   
MAIN1. . . . . . .  C ADDR   003EH   A   
NKP. . . . . . . .  C ADDR   004BH   A   
P0 . . . . . . . .  D ADDR   0080H   A   
P1 . . . . . . . .  D ADDR   0090H   A   
P2 . . . . . . . .  D ADDR   00A0H   A   
RI . . . . . . . .  B ADDR   0098H.0 A   
SBUF . . . . . . .  D ADDR   0099H   A   
SCON . . . . . . .  D ADDR   0098H   A   
TH1. . . . . . . .  D ADDR   008DH   A   
TMOD . . . . . . .  D ADDR   0089H   A   
TR1. . . . . . . .  B ADDR   0088H.6 A   
X1 . . . . . . . .  C ADDR   0099H   A   
X2 . . . . . . . .  C ADDR   009BH   A   
X3 . . . . . . . .  C ADDR   00A0H   A   


REGISTER BANK(S) USED: 0 


ASSEMBLY COMPLETE.  0 WARNING(S), 0 ERROR(S)
