A51 MACRO ASSEMBLER  INTERRUPT1                                                           07/02/2017 19:37:55 PAGE     1


MACRO ASSEMBLER A51 V8.02c
OBJECT MODULE PLACED IN C:\Users\SRK\Desktop\HEX\interrupt1.obj
ASSEMBLER INVOKED BY: C:\Keil_v5\C51\BIN\A51.EXE interrupt1.asm SET(SMALL) DEBUG PRINT(.\Listings\interrupt1.lst) OBJECT
                      (C:\Users\SRK\Desktop\HEX\interrupt1.obj) EP

LOC  OBJ            LINE     SOURCE

0000                   1                             ORG     00H
0000 020100            2                             LJMP    MAIN
                       3                             
0003                   4                             ORG     003H
0003 E530              5                             MOV             A,30H
0005 B41003            6                             CJNE    A,#10H,Z1
0008 313E              7                             ACALL   Q2
000A 32                8                             RETI
000B 316A              9     Z1:                     ACALL   LEVEL1
000D 32               10                             RETI
                      11                             
0013                  12                             ORG             0013H
0013 315F             13                             ACALL   W1
0015 32               14                             RETI
0016 3179             15     Z2:                     ACALL   LEVEL2
0018 32               16                             RETI
                      17                             
001B                  18                             ORG             001BH
001B DA0D             19                             DJNZ    R2,LEVEL3
001D 753030           20                             MOV             30H,#30H
0020 7A1C             21                             MOV             R2,#28
0022 758D00           22                             MOV             TH1,#00H
0025 758B00           23                             MOV     TL1,#00H
0028 C28E             24                             CLR             TR1
002A 32               25     LEVEL3:         RETI
                      26                             
0100                  27                             ORG             100H
                      28                                     
0100 7A1C             29     MAIN:           MOV             R2,#28
0102 7B30             30                             MOV     R3,#30H
0104 75A88D           31                             MOV     IE,#10001101B
0107 758805           32                             MOV             TCON,#00000101B
010A 7438             33                             MOV     A,#38H
010C 3152             34                             ACALL   CMD
010E 3188             35                             ACALL   DELAY
0110 740E             36                             MOV     A,#0EH
0112 3152             37                             ACALL   CMD
0114 3188             38                             ACALL   DELAY
0116 7401             39                             MOV     A,#01H
0118 3152             40                             ACALL   CMD
011A 3188             41                             ACALL   DELAY
011C 7406             42                             MOV     A,#06H
011E 3152             43                             ACALL   CMD
0120 3188             44                             ACALL   DELAY
0122 7480             45                             MOV     A,#80H
0124 3152             46                             ACALL   CMD
0126 3188             47                             ACALL   DELAY
                      48                             
                      49                             
0128 80FE             50     DC:                     SJMP    DC
                      51     
012A 753000           52     Q1:                     MOV             30H,#00H
012D C28E             53                             CLR     TR1
012F 0B               54                             INC             R3
0130 EB               55                             MOV             A,R3
0131 F5A0             56                             MOV             P2,A
0133 D280             57                             SETB    P0.0
A51 MACRO ASSEMBLER  INTERRUPT1                                                           07/02/2017 19:37:55 PAGE     2

0135 C281             58                             CLR     P0.1
0137 D282             59                             SETB    P0.2
0139 3188             60                             ACALL   DELAY
013B C282             61                             CLR     P0.2
013D 22               62                             RET
                      63     
013E 753000           64     Q2:                     MOV             30H,#00H
0141 C28E             65                             CLR             TR1
0143 1B               66                             DEC             R3
0144 EB               67                             MOV             A,R3
0145 F5A0             68                             MOV             P2,A
0147 D280             69                             SETB    P0.0
0149 C281             70                             CLR     P0.1
014B D282             71                             SETB    P0.2
014D 3188             72                             ACALL   DELAY
014F C282             73                             CLR     P0.2
0151 22               74                             RET
                      75                             
                      76                             
0152 F5A0             77     CMD:            MOV     P2,A
0154 C280             78                             CLR     P0.0
0156 C281             79                             CLR     P0.1
0158 D282             80                             SETB    P0.2
015A 3188             81                             ACALL   DELAY
015C C282             82                             CLR     P0.2
015E 22               83                             RET
                      84     
015F E530             85     W1:                     MOV             A,30H
0161 B42003           86                             CJNE    A,#20H,W2
0164 312A             87                             ACALL   Q1
0166 22               88                             RET
0167 020016           89     W2:                     LJMP Z2
016A 753020           90     LEVEL1:         MOV             30H,#20H
016D 758910           91                             MOV             TMOD,#10H
0170 758D00           92                             MOV     TH1,#00H
0173 758B00           93                             MOV     TL1,#00H
0176 D28E             94                             SETB    TR1
0178 22               95                             RET
                      96     
0179 753010           97     LEVEL2:         MOV             30H,#10H
017C 758910           98                             MOV             TMOD,#10H
017F 758D00           99                             MOV     TH1,#00H
0182 758B00          100                             MOV     TL1,#00H
0185 D28E            101                             SETB    TR1
0187 22              102                             RET
                     103                             
                     104     
                     105                             
0188 78C8            106     DELAY:          MOV     R0,#200
018A 79C8            107     X1:                     MOV     R1,#200
018C D9FE            108     X2:                     DJNZ    R1,X2
018E D8FA            109                             DJNZ    R0,X1
0190 22              110                             RET
                     111                             
                     112                             END
A51 MACRO ASSEMBLER  INTERRUPT1                                                           07/02/2017 19:37:55 PAGE     3

SYMBOL TABLE LISTING
------ ----- -------


N A M E             T Y P E  V A L U E   ATTRIBUTES

CMD. . . . . . . .  C ADDR   0152H   A   
DC . . . . . . . .  C ADDR   0128H   A   
DELAY. . . . . . .  C ADDR   0188H   A   
IE . . . . . . . .  D ADDR   00A8H   A   
LEVEL1 . . . . . .  C ADDR   016AH   A   
LEVEL2 . . . . . .  C ADDR   0179H   A   
LEVEL3 . . . . . .  C ADDR   002AH   A   
MAIN . . . . . . .  C ADDR   0100H   A   
P0 . . . . . . . .  D ADDR   0080H   A   
P2 . . . . . . . .  D ADDR   00A0H   A   
Q1 . . . . . . . .  C ADDR   012AH   A   
Q2 . . . . . . . .  C ADDR   013EH   A   
TCON . . . . . . .  D ADDR   0088H   A   
TH1. . . . . . . .  D ADDR   008DH   A   
TL1. . . . . . . .  D ADDR   008BH   A   
TMOD . . . . . . .  D ADDR   0089H   A   
TR1. . . . . . . .  B ADDR   0088H.6 A   
W1 . . . . . . . .  C ADDR   015FH   A   
W2 . . . . . . . .  C ADDR   0167H   A   
X1 . . . . . . . .  C ADDR   018AH   A   
X2 . . . . . . . .  C ADDR   018CH   A   
Z1 . . . . . . . .  C ADDR   000BH   A   
Z2 . . . . . . . .  C ADDR   0016H   A   


REGISTER BANK(S) USED: 0 


ASSEMBLY COMPLETE.  0 WARNING(S), 0 ERROR(S)
