A51 MACRO ASSEMBLER  PASSWORD                                                             06/18/2017 12:45:07 PAGE     1


MACRO ASSEMBLER A51 V8.02c
OBJECT MODULE PLACED IN C:\Users\SRK\Desktop\HEX\password.obj
ASSEMBLER INVOKED BY: C:\Keil_v5\C51\BIN\A51.EXE password.asm SET(SMALL) DEBUG PRINT(.\Listings\password.lst) OBJECT(C:\
                      Users\SRK\Desktop\HEX\password.obj) EP

LOC  OBJ            LINE     SOURCE

0000                   1                     ORG 00H
0000 7905              2                     MOV R1,#05
0002 900250            3                     MOV DPTR,#CMD1
0005 E4                4     X1:             CLR A
0006 93                5                     MOVC A,@A+DPTR
0007 11A0              6                     ACALL CMD
0009 A3                7                     INC DPTR
000A 11AD              8                     ACALL DELAY
000C D9F7              9                     DJNZ R1,X1
000E 758920           10                     MOV TMOD,#20H
0011 758DFD           11                     MOV TH1,#-3
0014 D28E             12                     SETB TR1
0016 759850           13                     MOV SCON,#50H
0019 E4               14                     CLR A
001A 1186             15                     ACALL Z1
001C E599             16                     MOV A,SBUF
001E 75992A           17                     MOV SBUF,#'*'
0021 B43102           18                     CJNE A,#31H,V1
0024 7D01             19                     MOV R5,#01
0026 1192             20     V1:             ACALL DAT
0028 11AD             21                     ACALL DELAY
002A 1186             22                     ACALL Z1
002C E599             23                     MOV A,SBUF
002E 75992A           24                     MOV SBUF,#'*'
0031 B43201           25                     CJNE A,#32H,V2
0034 0D               26                     INC R5
0035 1192             27     V2:             ACALL DAT
0037 11AD             28                     ACALL DELAY
0039 1186             29                     ACALL Z1
003B E599             30                     MOV A,SBUF
003D 75992A           31                     MOV SBUF,#'*'
0040 B43301           32                     CJNE A,#33H,V3
0043 0D               33                     INC R5
0044 1192             34     V3:             ACALL DAT
0046 11AD             35                     ACALL DELAY
0048 1186             36                     ACALL Z1
004A E599             37                     MOV A,SBUF
004C 75992A           38                     MOV SBUF,#'*'
004F 118C             39                     ACALL Z2
0051 B43401           40                     CJNE A,#34H,V4
0054 0D               41                     INC R5
0055 BD040C           42     V4:             CJNE R5,#04,X2
0058 1192             43                     ACALL DAT
005A 11AD             44                     ACALL DELAY
005C 7401             45                     MOV A,#01H
005E 11A0             46                     ACALL CMD
0060 1174             47                     ACALL X3
0062 80FE             48                     SJMP $
                      49                             
0064 900256           50     X2:             MOV DPTR,#WRT
0067 E4               51     X6:             CLR A
0068 93               52                     MOVC A,@A+DPTR
0069 6019             53                     JZ X5
006B F599             54                     MOV SBUF,A
006D A3               55                     INC DPTR
006E 118C             56                     ACALL Z2
0070 1192             57                     ACALL DAT
A51 MACRO ASSEMBLER  PASSWORD                                                             06/18/2017 12:45:07 PAGE     2

0072 80F3             58                     SJMP X6
                      59                     
0074 900265           60     X3:             MOV DPTR,#RTR
0077 E4               61     X4:             CLR A
0078 93               62                     MOVC A,@A+DPTR
0079 6009             63                     JZ X5
007B F599             64                     MOV SBUF,A
007D A3               65                     INC DPTR
007E 118C             66                     ACALL Z2
0080 1192             67                     ACALL DAT
0082 80F3             68                     SJMP X4
                      69     
0084 80FE             70     X5:             SJMP $
                      71     
0086 3098FD           72     Z1:             JNB RI,Z1
0089 C298             73                     CLR RI
008B 22               74                     RET
                      75     
008C 30B5FD           76     Z2:             JNB T1,Z2
008F C299             77                     CLR TI
0091 22               78                     RET
                      79     
0092 F5A0             80     DAT:    MOV P2,A
0094 D280             81                     SETB P0.0
0096 C281             82                     CLR P0.1
0098 D282             83                     SETB P0.2
009A 11AD             84                     ACALL DELAY
009C C282             85                     CLR P0.2
009E E4               86                     CLR A
009F 22               87                     RET     
                      88     
00A0 F5A0             89     CMD:    MOV P2,A
00A2 C280             90                     CLR P0.0
00A4 C281             91                     CLR P0.1
00A6 D282             92                     SETB P0.2
00A8 11AD             93                     ACALL DELAY
00AA C282             94                     CLR P0.2
00AC 22               95                     RET
                      96     
00AD 78C8             97     DELAY:  MOV R0,#200
00AF 7CC8             98     Q1:             MOV R4,#200
00B1 DCFE             99     Q2:             DJNZ R4,Q2
00B3 D8FA            100                     DJNZ R0,Q1
00B5 22              101                     RET
                     102                     
0250                 103                     ORG 250H
0250 380E0106        104     CMD1:   DB 38H,0EH,01H,06H,80H,0
0254 8000                    
0256 57524F4E        105     WRT:            DB "WRONG PASSWORD",0
025A 47205041                
025E 5353574F                
0262 524400                  
0265 434F5252        106     RTR:            DB "CORRECT PASSWORD",0
0269 45435420                
026D 50415353                
0271 574F5244                
0275 00                      
                     107     
                     108                     END     
A51 MACRO ASSEMBLER  PASSWORD                                                             06/18/2017 12:45:07 PAGE     3

SYMBOL TABLE LISTING
------ ----- -------


N A M E             T Y P E  V A L U E   ATTRIBUTES

CMD. . . . . . . .  C ADDR   00A0H   A   
CMD1 . . . . . . .  C ADDR   0250H   A   
DAT. . . . . . . .  C ADDR   0092H   A   
DELAY. . . . . . .  C ADDR   00ADH   A   
P0 . . . . . . . .  D ADDR   0080H   A   
P2 . . . . . . . .  D ADDR   00A0H   A   
Q1 . . . . . . . .  C ADDR   00AFH   A   
Q2 . . . . . . . .  C ADDR   00B1H   A   
RI . . . . . . . .  B ADDR   0098H.0 A   
RTR. . . . . . . .  C ADDR   0265H   A   
SBUF . . . . . . .  D ADDR   0099H   A   
SCON . . . . . . .  D ADDR   0098H   A   
T1 . . . . . . . .  B ADDR   00B0H.5 A   
TH1. . . . . . . .  D ADDR   008DH   A   
TI . . . . . . . .  B ADDR   0098H.1 A   
TMOD . . . . . . .  D ADDR   0089H   A   
TR1. . . . . . . .  B ADDR   0088H.6 A   
V1 . . . . . . . .  C ADDR   0026H   A   
V2 . . . . . . . .  C ADDR   0035H   A   
V3 . . . . . . . .  C ADDR   0044H   A   
V4 . . . . . . . .  C ADDR   0055H   A   
WRT. . . . . . . .  C ADDR   0256H   A   
X1 . . . . . . . .  C ADDR   0005H   A   
X2 . . . . . . . .  C ADDR   0064H   A   
X3 . . . . . . . .  C ADDR   0074H   A   
X4 . . . . . . . .  C ADDR   0077H   A   
X5 . . . . . . . .  C ADDR   0084H   A   
X6 . . . . . . . .  C ADDR   0067H   A   
Z1 . . . . . . . .  C ADDR   0086H   A   
Z2 . . . . . . . .  C ADDR   008CH   A   


REGISTER BANK(S) USED: 0 


ASSEMBLY COMPLETE.  0 WARNING(S), 0 ERROR(S)
