A51 MACRO ASSEMBLER  RSP_2_RS_                                                            06/22/2017 14:52:17 PAGE     1


MACRO ASSEMBLER A51 V8.02c
OBJECT MODULE PLACED IN C:\Users\SRK\Desktop\HEX\rsp_2(rs).obj
ASSEMBLER INVOKED BY: C:\Keil_v5\C51\BIN\A51.EXE rsp_2(rs).asm SET(SMALL) DEBUG PRINT(.\Listings\rsp_2(rs).lst) OBJECT(C
                      :\Users\SRK\Desktop\HEX\rsp_2(rs).obj) EP

LOC  OBJ            LINE     SOURCE

0000                   1                     ORG 00H
0000 7830              2                             MOV R0,#30H
0002 790D              3                             MOV R1,#13
0004 7438              4                                     MOV A,#38H
0006 1151              5                                     ACALL CMD
0008 1164              6                                     ACALL DELAY
000A 740E              7                                     MOV A,#0EH
000C 1151              8                                     ACALL CMD
000E 1164              9                                     ACALL DELAY
0010 7401             10                                     MOV A,#01H
0012 1151             11                                     ACALL CMD
0014 1164             12                                     ACALL DELAY
0016 7406             13                                     MOV A,#06H
0018 1151             14                                     ACALL CMD
001A 1164             15                                     ACALL DELAY
001C 7480             16                                     MOV A,#80H
001E 1151             17                                     ACALL CMD
0020 1164             18                                     ACALL DELAY
0022 758920           19                     MOV TMOD,#20H
0025 758DFD           20                     MOV TH1,#-3
0028 D28E             21                     SETB TR1
002A 759850           22                     MOV SCON,#50H
002D 115E             23     Q1:             ACALL D1
002F E599             24                     MOV A,SBUF
0031 F599             25                     MOV SBUF,A
0033 F6               26                     MOV @R0,A
0034 08               27                     INC R0
0035 D9F6             28                     DJNZ R1,Q1
0037 113B             29                     ACALL DAT
0039 80FE             30                     SJMP $
003B 7830             31     DAT:    MOV R0,#30H
003D 790D             32                     MOV R1,#13
003F E6               33     DAT1:   MOV A,@R0
0040 F5A0             34                     MOV P2,A
0042 D280             35                     SETB P0.0
0044 C281             36                     CLR P0.1
0046 D282             37                     SETB P0.2
0048 1164             38                     ACALL DELAY
004A C282             39                     CLR P0.2
004C E4               40                     CLR A
004D 08               41                     INC R0
004E D9EF             42                     DJNZ R1,DAT1
0050 22               43                     RET
0051 F5A0             44     CMD:    MOV P2,A
0053 C280             45                     CLR P0.0
0055 C281             46                     CLR P0.1
0057 D282             47                     SETB P0.2
0059 1164             48                     ACALL DELAY
005B C282             49                     CLR P0.2
005D 22               50                     RET
005E 3098FD           51     D1:             JNB RI,D1
0061 C298             52                     CLR RI
0063 22               53                     RET
0064 7AC8             54     DELAY:  MOV R2,#200
0066 7CC8             55     X1:             MOV R4,#200
0068 DCFE             56     X2:             DJNZ R4,X2
006A DAFA             57                     DJNZ R2,X1
A51 MACRO ASSEMBLER  RSP_2_RS_                                                            06/22/2017 14:52:17 PAGE     2

006C 22               58                     RET
                      59                     END
                                             
A51 MACRO ASSEMBLER  RSP_2_RS_                                                            06/22/2017 14:52:17 PAGE     3

SYMBOL TABLE LISTING
------ ----- -------


N A M E             T Y P E  V A L U E   ATTRIBUTES

CMD. . . . . . . .  C ADDR   0051H   A   
D1 . . . . . . . .  C ADDR   005EH   A   
DAT. . . . . . . .  C ADDR   003BH   A   
DAT1 . . . . . . .  C ADDR   003FH   A   
DELAY. . . . . . .  C ADDR   0064H   A   
P0 . . . . . . . .  D ADDR   0080H   A   
P2 . . . . . . . .  D ADDR   00A0H   A   
Q1 . . . . . . . .  C ADDR   002DH   A   
RI . . . . . . . .  B ADDR   0098H.0 A   
SBUF . . . . . . .  D ADDR   0099H   A   
SCON . . . . . . .  D ADDR   0098H   A   
TH1. . . . . . . .  D ADDR   008DH   A   
TMOD . . . . . . .  D ADDR   0089H   A   
TR1. . . . . . . .  B ADDR   0088H.6 A   
X1 . . . . . . . .  C ADDR   0066H   A   
X2 . . . . . . . .  C ADDR   0068H   A   


REGISTER BANK(S) USED: 0 


ASSEMBLY COMPLETE.  0 WARNING(S), 0 ERROR(S)
