A51 MACRO ASSEMBLER  RSP_1                                                                06/20/2017 18:19:53 PAGE     1


MACRO ASSEMBLER A51 V8.02c
OBJECT MODULE PLACED IN C:\Users\SRK\Desktop\HEX\rsp_1.obj
ASSEMBLER INVOKED BY: C:\Keil_v5\C51\BIN\A51.EXE rsp_1.asm SET(SMALL) DEBUG PRINT(.\Listings\rsp_1.lst) OBJECT(C:\Users\
                      SRK\Desktop\HEX\rsp_1.obj) EP

LOC  OBJ            LINE     SOURCE

0000                   1                     ORG 00H
0000 780D              2                     MOV R0,#13
0002 758920            3     X3:             MOV TMOD,#20H
0005 758DFD            4                     MOV TH1,#-3
0008 D28E              5                     SETB TR1
000A 759850            6                     MOV SCON,#50H
000D 900250            7                     MOV DPTR,#DAT1
0010 93                8     X2:             MOVC A,@A+DPTR
0011 60EF              9                     JZ X3
0013 F599             10                     MOV SBUF,A
0015 111D             11             ACALL X1
0017 A3               12                     INC DPTR
0018 E4               13                     CLR A
0019 D8F5             14                     DJNZ R0,X2
001B 80FE             15                     SJMP $
                      16     
001D 3099FD           17     X1:             JNB TI,X1
0020 C299             18             CLR TI
0022 22               19                     RET
                      20     
                      21     
0250                  22                     ORG 250H
0250 4E492049         23     DAT1:   DB "NI INNOVATION",0
0254 4E4E4F56                
0258 4154494F                
025C 4E00                    
                      24                     END
A51 MACRO ASSEMBLER  RSP_1                                                                06/20/2017 18:19:53 PAGE     2

SYMBOL TABLE LISTING
------ ----- -------


N A M E             T Y P E  V A L U E   ATTRIBUTES

DAT1 . . . . . . .  C ADDR   0250H   A   
SBUF . . . . . . .  D ADDR   0099H   A   
SCON . . . . . . .  D ADDR   0098H   A   
TH1. . . . . . . .  D ADDR   008DH   A   
TI . . . . . . . .  B ADDR   0098H.1 A   
TMOD . . . . . . .  D ADDR   0089H   A   
TR1. . . . . . . .  B ADDR   0088H.6 A   
X1 . . . . . . . .  C ADDR   001DH   A   
X2 . . . . . . . .  C ADDR   0010H   A   
X3 . . . . . . . .  C ADDR   0002H   A   


REGISTER BANK(S) USED: 0 


ASSEMBLY COMPLETE.  0 WARNING(S), 0 ERROR(S)
