A51 MACRO ASSEMBLER  SERIAL_INTERRUPT                                                     07/01/2017 15:06:05 PAGE     1


MACRO ASSEMBLER A51 V8.02c
OBJECT MODULE PLACED IN C:\Users\SRK\Desktop\HEX\serial_interrupt.obj
ASSEMBLER INVOKED BY: C:\Keil_v5\C51\BIN\A51.EXE serial_interrupt.asm SET(SMALL) DEBUG PRINT(.\Listings\serial_interrupt
                      .lst) OBJECT(C:\Users\SRK\Desktop\HEX\serial_interrupt.obj) EP

LOC  OBJ            LINE     SOURCE

0000                   1                             ORG 00H
0000 020100            2                             LJMP    LCD1
0023                   3                             ORG             23H
0023 209903            4                             JB              TI,LV1
0026 209806            5                             JB              RI,LV2
0029 3099FD            6     LV1:            JNB             TI,LV1
002C C299              7                             CLR     TI
002E 32                8                             RETI
002F 3098FD            9     LV2:            JNB     RI,LV2
0032 C298             10                             CLR     RI
0034 E599             11                             MOV     A,SBUF
0036 313A             12                             ACALL DAT
0038 32               13                             RETI
                      14                                                                     
0100                  15                             ORG             100H    
0100 900250           16     LCD1:           MOV     DPTR,#CMD1
0103 E4               17     LCD:            CLR     A
0104 93               18                             MOVC    A,@A+DPTR
0105 6005             19                             JZ              Z1
0107 312D             20                             ACALL   CMD
0109 A3               21                             INC     DPTR
010A 80F7             22                             SJMP    LCD
010C 02010F           23     Z1:                     LJMP    MAIN
                      24     
                      25                     
                      26                             
010F 75A891           27     MAIN:           MOV             IE,#10010001B                   
0112 758920           28                             MOV             TMOD,#20H
0115 758DFD           29                             MOV             TH1,#-3
0118 D28E             30                             SETB    TR1
011A 759850           31                             MOV             SCON,#50H
                      32                             
011D                  33     MAIN1:      ;SJMP    MAIN1
011D 900256           34                             MOV     DPTR,#DATA1
0120 7A0D             35                             MOV     R2,#13
0122 93               36     MAIN2:          MOVC    A,@A+DPTR
0123 F599             37                             MOV     SBUF,A
0125 3148             38                             ACALL DELAY
0127 A3               39                             INC     DPTR
0128 E4               40                             CLR     A
0129 DAF7             41                             DJNZ    R2,MAIN2
012B 80F0             42                             SJMP    MAIN1
                      43                             
                      44     
012D F5A0             45     CMD:            MOV P2,A
012F C280             46                             CLR P0.0
0131 C281             47                             CLR P0.1
0133 D282             48                             SETB P0.2
0135 3148             49                             ACALL DELAY
0137 C282             50                             CLR P0.2
0139 22               51                             RET
013A F5A0             52     DAT:            MOV P2,A
013C D280             53                             SETB P0.0
013E C281             54                             CLR P0.1
0140 D282             55                             SETB P0.2
0142 3148             56                             ACALL DELAY
0144 C282             57                             CLR P0.2
A51 MACRO ASSEMBLER  SERIAL_INTERRUPT                                                     07/01/2017 15:06:05 PAGE     2

0146 E4               58                             CLR A
0147 22               59                             RET     
0148 78C8             60     DELAY:          MOV R0,#200
014A 79C8             61     X1:                     MOV R1,#200
014C D9FE             62     X2:                     DJNZ R1,X2
014E D8FA             63                             DJNZ R0,X1
0150 22               64                             RET
                      65     
0250                  66                     ORG 250H
0250 380E0106         67     CMD1:   DB 38H,0EH,01H,06H,80H,0
0254 8000                    
0256 4E492049         68     DATA1:  DB "NI INNOVATION",0
025A 4E4E4F56                
025E 4154494F                
0262 4E00                    
                      69             END
A51 MACRO ASSEMBLER  SERIAL_INTERRUPT                                                     07/01/2017 15:06:05 PAGE     3

SYMBOL TABLE LISTING
------ ----- -------


N A M E             T Y P E  V A L U E   ATTRIBUTES

CMD. . . . . . . .  C ADDR   012DH   A   
CMD1 . . . . . . .  C ADDR   0250H   A   
DAT. . . . . . . .  C ADDR   013AH   A   
DATA1. . . . . . .  C ADDR   0256H   A   
DELAY. . . . . . .  C ADDR   0148H   A   
IE . . . . . . . .  D ADDR   00A8H   A   
LCD. . . . . . . .  C ADDR   0103H   A   
LCD1 . . . . . . .  C ADDR   0100H   A   
LV1. . . . . . . .  C ADDR   0029H   A   
LV2. . . . . . . .  C ADDR   002FH   A   
MAIN . . . . . . .  C ADDR   010FH   A   
MAIN1. . . . . . .  C ADDR   011DH   A   
MAIN2. . . . . . .  C ADDR   0122H   A   
P0 . . . . . . . .  D ADDR   0080H   A   
P2 . . . . . . . .  D ADDR   00A0H   A   
RI . . . . . . . .  B ADDR   0098H.0 A   
SBUF . . . . . . .  D ADDR   0099H   A   
SCON . . . . . . .  D ADDR   0098H   A   
TH1. . . . . . . .  D ADDR   008DH   A   
TI . . . . . . . .  B ADDR   0098H.1 A   
TMOD . . . . . . .  D ADDR   0089H   A   
TR1. . . . . . . .  B ADDR   0088H.6 A   
X1 . . . . . . . .  C ADDR   014AH   A   
X2 . . . . . . . .  C ADDR   014CH   A   
Z1 . . . . . . . .  C ADDR   010CH   A   


REGISTER BANK(S) USED: 0 


ASSEMBLY COMPLETE.  0 WARNING(S), 0 ERROR(S)
